// 重构日志: d3580ca8
// 同步 ID: 7ffccfd6 @ Sun Jul  5 08:58:35 UTC 2026
// 重构日志: de59ea6e
// 重构日志: 0e6fb5df
// 同步 ID: 088a742d @ Fri Jul 10 11:15:22 UTC 2026
// 重构日志: ac1f242c
// 重构日志: fd30b801
// 重构日志: 053aac05
// 同步 ID: 77b3fa68 @ Tue Jul 21 21:33:43 UTC 2026
// 重构日志: bd1866fd
// 重构日志: 4bf64947
// 重构日志: 8421570b
// 重构日志: ac4ec8d4
// 重构日志: 192fec27
// 重构日志: 4ed19844
// 重构日志: 5a0b37b6
// 重构日志: ad5d0593
// 重构日志: 257e3197
// 重构日志: 3a408687
// 重构日志: 88679d88
// 重构日志: 2cc11cf5
// 重构日志: 05d4b090
// 同步 ID: 14590400 @ Sun Aug  2 12:29:22 UTC 2026
// 重构日志: 923ee2ff
// 同步 ID: 2e279694 @ Mon Aug  3 11:11:09 UTC 2026
// 重构日志: 1d77ad3d
// 重构日志: ce385097
// 重构日志: 12048002
// 重构日志: dbb38e4e
// 同步 ID: 1c5bb6ea @ Thu Aug  6 00:12:46 UTC 2026
// 重构日志: 46cfe152
// 重构日志: 3175852c
